// Jest Snapshot v1, https://goo.gl/fbAQLP

exports[`Home renders correctly 1`] = `
Array [
  <div
    className="welcome"
  >
    Welcome To Our Page
  </div>,
  <p>
    Lorem ipsum dolor sit amet consectetur adipisicing elit. Quidem consectetur quisquam magni quo cumque soluta voluptatem corrupti totam quaerat perferendis , alias enim praesentium omnis saepe, esse nisi.cum veritatis veniam , alias enim praesentium omnis saepe, esse nisi.cum veritatis veniam
  </p>,
  <p>
    Lorem ipsum dolor sit amet consectetur adipisicing elit. Quidem consectetur quisquam magni quo cumque soluta voluptatem corrupti totam quaerat perferendis , alias enim praesentium omnis saepe, esse nisi.cum veritatis veniam , alias enim praesentium omnis saepe, esse nisi.cum veritatis veniam
  </p>,
]
`;
